---
http_interactions:
- request:
    method: get
    uri: http://developer.echonest.com/api/v4/catalog/read?api_key=1EFRD4YMEN003A4N1&id=CAIQEUO1473A654C51&results=1000&start=0
    body:
      encoding: US-ASCII
      string: ''
    headers:
      Accept:
      - application/json
      User-Agent:
      - Echowrap Ruby Gem 0.1.4
      Accept-Encoding:
      - gzip;q=1.0,deflate;q=0.6,identity;q=0.3
  response:
    status:
      code: 200
      message: OK
    headers:
      Date:
      - Sun, 24 Aug 2014 14:09:14 GMT
      Content-Type:
      - application/json; charset=utf-8
      Transfer-Encoding:
      - chunked
      Vary:
      - Accept-Encoding
      X-Request-Id:
      - iI/4Qwx1RgW6xhHvCmH2aw
      X-Worker-Node:
      - 20284:28148
      X-Ratelimit-Remaining:
      - '92'
      Server:
      - TornadoServer/3.1
      X-Ratelimit-Limit:
      - '120'
      X-Api-Key:
      - 1EFRD4YMEN003A4N1
      Cache-Control:
      - max-age=86400
      Access-Control-Allow-Origin:
      - '*'
      X-Ratelimit-Used:
      - '28'
      Connection:
      - Keep-alive
      Keep-Alive:
      - timeout=15, max=100
      Via:
      - 1.1 ID-0000627501223746 uproxy-2
    body:
      encoding: UTF-8
      string: '{"response": {"status": {"version": "4.2", "code": 0, "message": "Success"},
        "catalog": {"name": "Playola Test", "items": [], "start": 0, "total": 0, "type":
        "song", "id": "CAIQEUO1473A654C51"}}}'
    http_version: 
  recorded_at: Sun, 24 Aug 2014 14:09:14 GMT
- request:
    method: get
    uri: http://developer.echonest.com/api/v4/catalog/read?api_key=1EFRD4YMEN003A4N1&id=CAIQEUO1473A654C51&results=1000&start=0
    body:
      encoding: US-ASCII
      string: ''
    headers:
      Accept:
      - application/json
      User-Agent:
      - Echowrap Ruby Gem 0.1.4
      Accept-Encoding:
      - gzip;q=1.0,deflate;q=0.6,identity;q=0.3
  response:
    status:
      code: 200
      message: OK
    headers:
      Date:
      - Sun, 24 Aug 2014 14:09:14 GMT
      Content-Type:
      - application/json; charset=utf-8
      Transfer-Encoding:
      - chunked
      Vary:
      - Accept-Encoding
      X-Request-Id:
      - vrTbccqSQHmw370wQ6/cxA
      X-Worker-Node:
      - 14f18:31493
      X-Ratelimit-Remaining:
      - '91'
      Server:
      - TornadoServer/3.1
      X-Ratelimit-Limit:
      - '120'
      X-Api-Key:
      - 1EFRD4YMEN003A4N1
      Cache-Control:
      - max-age=86400
      Access-Control-Allow-Origin:
      - '*'
      X-Ratelimit-Used:
      - '29'
      Connection:
      - Keep-alive
      Keep-Alive:
      - timeout=15, max=100
      Via:
      - 1.1 ID-0000627501223746 uproxy-3
    body:
      encoding: UTF-8
      string: '{"response": {"status": {"version": "4.2", "code": 0, "message": "Success"},
        "catalog": {"name": "Playola Test", "items": [], "start": 0, "total": 0, "type":
        "song", "id": "CAIQEUO1473A654C51"}}}'
    http_version: 
  recorded_at: Sun, 24 Aug 2014 14:09:14 GMT
- request:
    method: post
    uri: http://developer.echonest.com/api/v4/catalog/update
    body:
      encoding: UTF-8
      string: api_key=1EFRD4YMEN003A4N1&data=%5B%7B%22item%22%3A%7B%22item_id%22%3A%22test_key.mp3%22%2C%22song_id%22%3A%22SOOWAAV13CF6D1B3FA%22%2C%22item_keyvalues%22%3A%7B%22pl_artist%22%3A%22Rachel+Loy%22%2C%22pl_key%22%3A%22test_key.mp3%22%2C%22pl_title%22%3A%22Stepladder%22%2C%22pl_album%22%3A%22Broken+Machine%22%2C%22pl_duration%22%3A999%7D%7D%7D%5D&data_type=json&id=CAIQEUO1473A654C51
    headers:
      Accept:
      - application/json
      User-Agent:
      - Echowrap Ruby Gem 0.1.4
      Content-Type:
      - application/x-www-form-urlencoded
      Accept-Encoding:
      - gzip;q=1.0,deflate;q=0.6,identity;q=0.3
  response:
    status:
      code: 200
      message: OK
    headers:
      Date:
      - Sun, 24 Aug 2014 14:09:14 GMT
      Content-Type:
      - application/json; charset=utf-8
      Transfer-Encoding:
      - chunked
      Vary:
      - Accept-Encoding
      X-Request-Id:
      - RkcIwgC1TBufu9wBYOrvEw
      X-Worker-Node:
      - fe870:359
      X-Ratelimit-Remaining:
      - '90'
      Server:
      - TornadoServer/3.1
      X-Ratelimit-Limit:
      - '120'
      X-Api-Key:
      - 1EFRD4YMEN003A4N1
      Cache-Control:
      - max-age=86400
      Access-Control-Allow-Origin:
      - '*'
      X-Ratelimit-Used:
      - '30'
      Connection:
      - Keep-alive
      Keep-Alive:
      - timeout=15, max=100
      Via:
      - 1.1 ID-0000627501223746 uproxy-2
    body:
      encoding: UTF-8
      string: '{"response": {"status": {"version": "4.2", "code": 0, "message": "Success"},
        "ticket": "CAIQEUO1473A654C5194DEB4BE547F42"}}'
    http_version: 
  recorded_at: Sun, 24 Aug 2014 14:09:14 GMT
- request:
    method: get
    uri: http://developer.echonest.com/api/v4/catalog/read?api_key=1EFRD4YMEN003A4N1&id=CAIQEUO1473A654C51&results=1000&start=0
    body:
      encoding: US-ASCII
      string: ''
    headers:
      Accept:
      - application/json
      User-Agent:
      - Echowrap Ruby Gem 0.1.4
      Accept-Encoding:
      - gzip;q=1.0,deflate;q=0.6,identity;q=0.3
  response:
    status:
      code: 200
      message: OK
    headers:
      Date:
      - Sun, 24 Aug 2014 14:09:14 GMT
      Content-Type:
      - application/json; charset=utf-8
      Transfer-Encoding:
      - chunked
      Vary:
      - Accept-Encoding
      X-Request-Id:
      - Fx8NOlmhQsmp//f7+2yKGQ
      X-Worker-Node:
      - d1c7d:22924
      X-Ratelimit-Remaining:
      - '89'
      Server:
      - TornadoServer/3.1
      X-Ratelimit-Limit:
      - '120'
      X-Api-Key:
      - 1EFRD4YMEN003A4N1
      Cache-Control:
      - max-age=86400
      Access-Control-Allow-Origin:
      - '*'
      X-Ratelimit-Used:
      - '31'
      Connection:
      - Keep-alive
      Keep-Alive:
      - timeout=15, max=100
      Via:
      - 1.1 ID-0000627501223746 uproxy-3
    body:
      encoding: UTF-8
      string: '{"response": {"status": {"version": "4.2", "code": 0, "message": "Success"},
        "catalog": {"name": "Playola Test", "items": [{"song_name": "Stepladder",
        "artist_id": "ARHBV1W1187B9B496C", "item_keyvalues": {"pl_album": "Broken
        Machine", "pl_duration": 999, "pl_title": "Stepladder", "pl_key": "test_key.mp3",
        "pl_artist": "Rachel Loy"}, "artist_name": "Rachel Loy", "last_modified":
        "2014-08-24T14:09:14", "date_added": "2014-08-24T14:09:14", "foreign_id":
        "CAIQEUO1473A654C51:song:test_key.mp3", "song_id": "SOOWAAV13CF6D1B3FA", "request":
        {"item_id": "test_key.mp3", "song_id": "SOOWAAV13CF6D1B3FA"}}], "start": 0,
        "total": 1, "type": "song", "id": "CAIQEUO1473A654C51"}}}'
    http_version: 
  recorded_at: Sun, 24 Aug 2014 14:09:14 GMT
- request:
    method: get
    uri: http://developer.echonest.com/api/v4/catalog/read?api_key=1EFRD4YMEN003A4N1&id=CAIQEUO1473A654C51&results=1000&start=0
    body:
      encoding: US-ASCII
      string: ''
    headers:
      Accept:
      - application/json
      User-Agent:
      - Echowrap Ruby Gem 0.1.4
      Accept-Encoding:
      - gzip;q=1.0,deflate;q=0.6,identity;q=0.3
  response:
    status:
      code: 200
      message: OK
    headers:
      Date:
      - Sun, 24 Aug 2014 14:09:14 GMT
      Content-Type:
      - application/json; charset=utf-8
      Transfer-Encoding:
      - chunked
      Vary:
      - Accept-Encoding
      X-Request-Id:
      - /O41h0PBQqavVXW86/aftA
      X-Worker-Node:
      - a0306:27840
      X-Ratelimit-Remaining:
      - '88'
      Server:
      - TornadoServer/3.1
      X-Ratelimit-Limit:
      - '120'
      X-Api-Key:
      - 1EFRD4YMEN003A4N1
      Cache-Control:
      - max-age=86400
      Access-Control-Allow-Origin:
      - '*'
      X-Ratelimit-Used:
      - '32'
      Connection:
      - Keep-alive
      Keep-Alive:
      - timeout=15, max=100
      Via:
      - 1.1 ID-0000627501223746 uproxy-2
    body:
      encoding: UTF-8
      string: '{"response": {"status": {"version": "4.2", "code": 0, "message": "Success"},
        "catalog": {"name": "Playola Test", "items": [{"song_name": "Stepladder",
        "artist_id": "ARHBV1W1187B9B496C", "item_keyvalues": {"pl_album": "Broken
        Machine", "pl_duration": 999, "pl_title": "Stepladder", "pl_key": "test_key.mp3",
        "pl_artist": "Rachel Loy"}, "artist_name": "Rachel Loy", "last_modified":
        "2014-08-24T14:09:14", "date_added": "2014-08-24T14:09:14", "foreign_id":
        "CAIQEUO1473A654C51:song:test_key.mp3", "song_id": "SOOWAAV13CF6D1B3FA", "request":
        {"item_id": "test_key.mp3", "song_id": "SOOWAAV13CF6D1B3FA"}}], "start": 0,
        "total": 1, "type": "song", "id": "CAIQEUO1473A654C51"}}}'
    http_version: 
  recorded_at: Sun, 24 Aug 2014 14:09:14 GMT
recorded_with: VCR 2.9.2
